X,Y,Z
-Y,X-Y,Z
Y,X,Z+1/2
-X,-X+Y,Z+1/2
X-Y,-Y,Z+1/2
-X+Y,-X,Z
