X,Y,Z
-Y,X-Y,Z
-X+Y,-X,Z
X+1/3,Y+2/3,Z+2/3
-Y+1/3,X-Y+2/3,Z+2/3
-X+Y+1/3,-X+2/3,Z+2/3
X+2/3,Y+1/3,Z+1/3
-Y+2/3,X-Y+1/3,Z+1/3
-X+Y+2/3,-X+1/3,Z+1/3
-X,-Y,-Z
Y,-X+Y,-Z
X-Y,X,-Z
-X+2/3,-Y+1/3,-Z+1/3
Y+2/3,-X+Y+1/3,-Z+1/3
X-Y+2/3,X+1/3,-Z+1/3
-X+1/3,-Y+2/3,-Z+2/3
Y+1/3,-X+Y+2/3,-Z+2/3
X-Y+1/3,X+2/3,-Z+2/3
