X,Y,Z
-X,-Y,Z
X,-Y,-Z
-X,-Y+1/2,-Z+1/2
X,Y+1/2,-Z+1/2
-X,Y+1/2,Z+1/2
X,-Y+1/2,Z+1/2
-X,Y,-Z
