X,Y,Z
-Y+1/2,X,Z
X,-Y+1/2,-Z+1/2
Y,X,-Z+1/2
-X+1/2,Y,-Z+1/2
Y,-X+1/2,Z
-Y+1/2,-X+1/2,-Z+1/2
-X+1/2,-Y+1/2,Z
-X,-Y,-Z
Y+1/2,-X,-Z
-X,Y+1/2,Z+1/2
-Y,-X,Z+1/2
X+1/2,-Y,Z+1/2
-Y,X+1/2,-Z
Y+1/2,X+1/2,Z+1/2
X+1/2,Y+1/2,-Z
