X,Y,Z
Z,X,Y
X+1/2,Z+1/2,Y+1/2
Y+1/2,X+1/2,Z+1/2
Z+1/2,Y+1/2,X+1/2
Y,Z,X
