X,Y,Z
-Y,X+1/2,Z+1/4
-X,Y,Z
-Y,-X+1/2,Z+3/4
X+1/2,-Y+1/2,Z+1/2
Y,-X+1/2,Z+3/4
X+1/2,Y+1/2,Z
Y+1/2,X,Z+1/4
-X+1/2,-Y+1/2,Z+1/2
Y+1/2,-X,Z+3/4
-Y+1/2,X,Z+1/4
-X+1/2,Y+1/2,Z
-Y+1/2,-X,Z+3/4
X,-Y,Z+1/2
-X,-Y,Z+1/2
Y,X+1/2,Z+1/4
X+1/2,Y+1/2,Z+1/2
-Y+1/2,X,Z+3/4
-X+1/2,Y+1/2,Z+1/2
-Y+1/2,-X,Z+1/4
X,-Y,Z
Y+1/2,-X,Z+1/4
X,Y,Z+1/2
Y,X+1/2,Z+3/4
-X,-Y,Z
Y,-X+1/2,Z+1/4
-Y,X+1/2,Z+3/4
-X,Y,Z+1/2
-Y,-X+1/2,Z+1/4
X+1/2,-Y+1/2,Z
-X+1/2,-Y+1/2,Z
Y+1/2,X,Z+3/4
