X,Y,Z
-Y,X,Z+1/2
X+1/2,-Y+1/2,-Z
Y+1/2,X+1/2,-Z+1/2
-X+1/2,Y+1/2,-Z
Y,-X,Z+1/2
-Y+1/2,-X+1/2,-Z+1/2
-X,-Y,Z
-X,-Y,-Z
Y,-X,-Z+1/2
-X+1/2,Y+1/2,Z
-Y+1/2,-X+1/2,Z+1/2
X+1/2,-Y+1/2,Z
-Y,X,-Z+1/2
Y+1/2,X+1/2,Z+1/2
X,Y,-Z
