INERTIA  5.184614E+07  5.377050E+07  4.522231E+07  2.002633E+05 -2.399994E+06  1.649907E+07
