X,Y,Z
-Y+1/2,X,Z
-X+1/2,-Y+1/2,Z
Y,-X+1/2,Z
-X,-Y,-Z
Y+1/2,-X,-Z
X+1/2,Y+1/2,-Z
-Y,X+1/2,-Z
