X,Y,Z
-Z,-X,-Y
-Y,X+1/2,Z+1/2
Y+1/2,X+1/2,-Z
Z,-Y+1/2,-X+1/2
-X+1/2,Y,-Z+1/2
X+1/2,-Z,Y+1/2
Y+1/2,Z+1/2,-X
-Y,Z+1/2,X+1/2
Z+1/2,X+1/2,-Y
-Y,-X,-Z
Y+1/2,-X,Z+1/2
-Z+1/2,-Y+1/2,X
-Y+1/2,-X+1/2,Z
Z,X,Y
-Z+1/2,X,-Y+1/2
-X,-Z,-Y
X,-Y+1/2,-Z+1/2
-Z+1/2,Y,-X+1/2
Z,Y,X
Y,X,Z
Z,-X+1/2,-Y+1/2
Y,-Z+1/2,-X+1/2
-X+1/2,Z,-Y+1/2
X,Z,Y
-Z,X+1/2,Y+1/2
-X+1/2,-Y+1/2,Z
-Y+1/2,Z,-X+1/2
-X+1/2,-Z+1/2,Y
X,-Z+1/2,-Y+1/2
-X,Z+1/2,Y+1/2
Y+1/2,-Z,X+1/2
-Y,-Z,-X
-Z,Y+1/2,X+1/2
X+1/2,-Y,Z+1/2
-X,-Y,-Z
Y,-X+1/2,-Z+1/2
X+1/2,Z+1/2,-Y
Z+1/2,-Y,X+1/2
X+1/2,Y+1/2,-Z
-X,Y+1/2,Z+1/2
Y,Z,X
-Y+1/2,-Z+1/2,X
-Z+1/2,-X+1/2,Y
Z+1/2,-X,Y+1/2
-Z,-Y,-X
-Y+1/2,X,-Z+1/2
Z+1/2,Y+1/2,-X
