X,Y,Z
-Y,X-Y,Z
-X+Y,Y,Z+1/2
-Y,-X,Z+1/2
X,X-Y,Z+1/2
-X+Y,-X,Z
