X,Y,Z
X-Y,X,Z
-Y,-X,-Z
X-Y,-Y,-Z
X,X-Y,-Z
Y,-X+Y,Z
Y,X,-Z
-X+Y,-X,Z
-X+Y,Y,-Z
-X,-Y,Z
-X,-X+Y,-Z
-Y,X-Y,Z
X+1/2,Y,Z
X-Y+1/2,X+1/2,Z
-Y,-X+1/2,-Z
X-Y+1/2,-Y,-Z
X+1/2,X-Y+1/2,-Z
Y,-X+Y+1/2,Z
Y,X+1/2,-Z
-X+Y+1/2,-X+1/2,Z
-X+Y+1/2,Y,-Z
-X+1/2,-Y,Z
-X+1/2,-X+Y+1/2,-Z
-Y,X-Y+1/2,Z
X,Y+1/2,Z
X-Y+1/2,X,Z
-Y+1/2,-X,-Z
X-Y+1/2,-Y+1/2,-Z
X,X-Y+1/2,-Z
Y+1/2,-X+Y+1/2,Z
Y+1/2,X,-Z
-X+Y+1/2,-X,Z
-X+Y+1/2,Y+1/2,-Z
-X,-Y+1/2,Z
-X,-X+Y+1/2,-Z
-Y+1/2,X-Y+1/2,Z
X+1/2,Y+1/2,Z
X-Y,X+1/2,Z
-Y+1/2,-X+1/2,-Z
X-Y,-Y+1/2,-Z
X+1/2,X-Y,-Z
Y+1/2,-X+Y,Z
Y+1/2,X+1/2,-Z
-X+Y,-X+1/2,Z
-X+Y,Y+1/2,-Z
-X+1/2,-Y+1/2,Z
-X+1/2,-X+Y,-Z
-Y+1/2,X-Y,Z
-X,-Y,-Z
-X+Y,-X,-Z
Y,X,Z
-X+Y,Y,Z
-X,-X+Y,Z
-Y,X-Y,-Z
-Y,-X,Z
X-Y,X,-Z
X-Y,-Y,Z
X,Y,-Z
X,X-Y,Z
Y,-X+Y,-Z
-X+1/2,-Y,-Z
-X+Y+1/2,-X+1/2,-Z
Y,X+1/2,Z
-X+Y+1/2,Y,Z
-X+1/2,-X+Y+1/2,Z
-Y,X-Y+1/2,-Z
-Y,-X+1/2,Z
X-Y+1/2,X+1/2,-Z
X-Y+1/2,-Y,Z
X+1/2,Y,-Z
X+1/2,X-Y+1/2,Z
Y,-X+Y+1/2,-Z
-X,-Y+1/2,-Z
-X+Y+1/2,-X,-Z
Y+1/2,X,Z
-X+Y+1/2,Y+1/2,Z
-X,-X+Y+1/2,Z
-Y+1/2,X-Y+1/2,-Z
-Y+1/2,-X,Z
X-Y+1/2,X,-Z
X-Y+1/2,-Y+1/2,Z
X,Y+1/2,-Z
X,X-Y+1/2,Z
Y+1/2,-X+Y+1/2,-Z
-X+1/2,-Y+1/2,-Z
-X+Y,-X+1/2,-Z
Y+1/2,X+1/2,Z
-X+Y,Y+1/2,Z
-X+1/2,-X+Y,Z
-Y+1/2,X-Y,-Z
-Y+1/2,-X+1/2,Z
X-Y,X+1/2,-Z
X-Y,-Y+1/2,Z
X+1/2,Y+1/2,-Z
X+1/2,X-Y,Z
Y+1/2,-X+Y,-Z
