X,Y,Z
-X+1/2,-Y,Z
X+1/2,Y+1/2,Z+1/2
-X,-Y+1/2,Z+1/2
-X,-Y,-Z
X+1/2,Y,-Z
-X+1/2,-Y+1/2,-Z+1/2
X,Y+1/2,-Z+1/2
