X,Y,Z
-X,-Y,Z
X,-Y,-Z
Z,X,Y
-Z,-X,Y
Z,-X,-Y
Y,Z,X
-Z,X,-Y
Y,-Z,-X
-Y,Z,-X
-Y,-Z,X
-X,Y,-Z
-X,-Y,-Z
X,Y,-Z
-X,Y,Z
-Z,-X,-Y
Z,X,-Y
-Z,X,Y
-Y,-Z,-X
Z,-X,Y
-Y,Z,X
Y,-Z,X
Y,Z,-X
X,-Y,Z
