X,Y,Z
-Z+1/2,-X+1/2,-Y+1/2
-Y+1/2,X+1/2,Z+1/2
Y+1/2,X+1/2,-Z+1/2
Z,-Y,-X
-X,Y,-Z
X+1/2,-Z+1/2,Y+1/2
Y+1/2,Z+1/2,-X+1/2
-Y+1/2,Z+1/2,X+1/2
Z+1/2,X+1/2,-Y+1/2
-Y+1/2,-X+1/2,-Z+1/2
Y+1/2,-X+1/2,Z+1/2
-Z,-Y,X
-Y,-X,Z
Z,X,Y
-Z,X,-Y
-X+1/2,-Z+1/2,-Y+1/2
X,-Y,-Z
-Z,Y,-X
Z,Y,X
Y,X,Z
Z,-X,-Y
Y,-Z,-X
-X,Z,-Y
X,Z,Y
-Z+1/2,X+1/2,Y+1/2
-X,-Y,Z
-Y,Z,-X
-X,-Z,Y
X,-Z,-Y
-X+1/2,Z+1/2,Y+1/2
Y+1/2,-Z+1/2,X+1/2
-Y+1/2,-Z+1/2,-X+1/2
-Z+1/2,Y+1/2,X+1/2
X+1/2,-Y+1/2,Z+1/2
-X+1/2,-Y+1/2,-Z+1/2
Y,-X,-Z
X+1/2,Z+1/2,-Y+1/2
Z+1/2,-Y+1/2,X+1/2
X+1/2,Y+1/2,-Z+1/2
-X+1/2,Y+1/2,Z+1/2
Y,Z,X
-Y,-Z,X
-Z,-X,Y
Z+1/2,-X+1/2,Y+1/2
-Z+1/2,-Y+1/2,-X+1/2
-Y,X,-Z
Z+1/2,Y+1/2,-X+1/2
