X,Y,Z
-Y,X-Y,Z
-Y,-X,-Z
X,X-Y,-Z
-X+Y,Y,-Z
-X+Y,-X,Z
X,Y+1/2,Z+1/2
-Y+1/2,X-Y+1/2,Z+1/2
-Y+1/2,-X,-Z+1/2
X,X-Y+1/2,-Z+1/2
-X+Y+1/2,Y+1/2,-Z+1/2
-X+Y+1/2,-X,Z+1/2
X+1/2,Y,Z+1/2
-Y,X-Y+1/2,Z+1/2
-Y,-X+1/2,-Z+1/2
X+1/2,X-Y+1/2,-Z+1/2
-X+Y+1/2,Y,-Z+1/2
-X+Y+1/2,-X+1/2,Z+1/2
X+1/2,Y+1/2,Z
-Y+1/2,X-Y,Z
-Y+1/2,-X+1/2,-Z
X+1/2,X-Y,-Z
-X+Y,Y+1/2,-Z
-X+Y,-X+1/2,Z
-X+Y,-X,Z+1/2
X,Y,Z+1/2
X,X-Y,-Z+1/2
-X+Y,Y,-Z+1/2
-Y,-X,-Z+1/2
-Y,X-Y,Z+1/2
-X+Y+1/2,-X,Z
X,Y+1/2,Z
X,X-Y+1/2,-Z
-X+Y+1/2,Y+1/2,-Z
-Y+1/2,-X,-Z
-Y+1/2,X-Y+1/2,Z
X+1/2,Y,Z
-Y,X-Y+1/2,Z
-Y,-X+1/2,-Z
X+1/2,X-Y+1/2,-Z
-X+Y+1/2,Y,-Z
-X+Y+1/2,-X+1/2,Z
X+1/2,Y+1/2,Z+1/2
-Y+1/2,X-Y,Z+1/2
-Y+1/2,-X+1/2,-Z+1/2
X+1/2,X-Y,-Z+1/2
-X+Y,Y+1/2,-Z+1/2
-X+Y,-X+1/2,Z+1/2
