
raised ITC_NUMBER_PARSER.ITC_NUMBER_SYMBOL_NOT_FOUND : ITC symbol "75:2" could not be found in the lookup tables
