X,Y,Z
-Y,X+1/2,Z+1/2
-X+1/2,-Y+1/2,Z
Y+1/2,-X,Z+1/2
-X,-Y,-Z
Y,-X+1/2,-Z+1/2
X+1/2,Y+1/2,-Z
-Y+1/2,X,-Z+1/2
