
raised SYMMETRY_OPERATIONS.UNKNOWN_CENTERING : unknown centering symbol 'H'
