X,Y,Z
-Y,X+1/2,Z+1/4
X,-Y+1/2,-Z+1/4
Y+1/2,X+1/2,-Z+1/2
-X+1/2,Y,-Z+3/4
Y+1/2,-X,Z+3/4
-Y,-X,-Z
-X+1/2,-Y+1/2,Z+1/2
X+1/2,Y+1/2,Z+1/2
-Y+1/2,X,Z+3/4
X+1/2,-Y,-Z+3/4
Y,X,-Z
-X,Y+1/2,-Z+1/4
Y,-X+1/2,Z+1/4
-Y+1/2,-X+1/2,-Z+1/2
-X,-Y,Z
