X,Y,Z
-Z,-X,-Y
-X,-Y,Z
X,-Y,-Z
X,Y+1/2,Z+1/2
-Z+1/2,-X,-Y+1/2
-X,-Y+1/2,Z+1/2
X,-Y+1/2,-Z+1/2
X+1/2,Y,Z+1/2
-Z+1/2,-X+1/2,-Y
-X+1/2,-Y,Z+1/2
X+1/2,-Y,-Z+1/2
X+1/2,Y+1/2,Z
-Z,-X+1/2,-Y+1/2
-X+1/2,-Y+1/2,Z
X+1/2,-Y+1/2,-Z
Z,-X+1/2,Y+1/2
-X+1/2,Y+1/2,-Z
Z+1/2,-X+1/2,Y
-X+1/2,Y,-Z+1/2
Z+1/2,-X,Y+1/2
-X,Y+1/2,-Z+1/2
Z,-X,Y
-X,Y,-Z
-Y+1/2,-Z,X+1/2
-Z,X+1/2,Y+1/2
Z,X+1/2,-Y+1/2
-Y,-Z,X
-Z,X,Y
Z,X,-Y
-Y,-Z+1/2,X+1/2
-Z+1/2,X+1/2,Y
Z+1/2,X+1/2,-Y
-Y+1/2,-Z+1/2,X
-Z+1/2,X,Y+1/2
Z+1/2,X,-Y+1/2
Y+1/2,-Z+1/2,-X
Y,-Z,-X
Y+1/2,-Z,-X+1/2
Y,-Z+1/2,-X+1/2
-X+1/2,Y+1/2,Z
Y+1/2,Z,X+1/2
-Y+1/2,Z,-X+1/2
-X,Y+1/2,Z+1/2
Y+1/2,Z+1/2,X
-Y+1/2,Z+1/2,-X
-X,Y,Z
Y,Z,X
-Y,Z,-X
-X+1/2,Y,Z+1/2
Y,Z+1/2,X+1/2
-Y,Z+1/2,-X+1/2
X+1/2,Y,-Z+1/2
X,Y,-Z
X,Y+1/2,-Z+1/2
X+1/2,Y+1/2,-Z
Z+1/2,-X+1/2,-Y
-X,-Y+1/2,-Z+1/2
Z+1/2,-X,-Y+1/2
X,-Y+1/2,Z+1/2
Z,-X,-Y
-X+1/2,-Y,-Z+1/2
-X,-Y,-Z
Z,-X+1/2,-Y+1/2
-X+1/2,-Y+1/2,-Z
X+1/2,-Y+1/2,Z
X+1/2,-Y,Z+1/2
X,-Y,Z
Z,X,Y
Z+1/2,X,Y+1/2
Z+1/2,X+1/2,Y
Z,X+1/2,Y+1/2
-Z,X+1/2,-Y+1/2
-Z+1/2,X+1/2,-Y
-Z,X,-Y
-Z+1/2,X,-Y+1/2
-Y,-Z,-X
-Z,-X,Y
-Y+1/2,-Z,-X+1/2
-Z,-X+1/2,Y+1/2
-Y+1/2,-Z+1/2,-X
-Z+1/2,-X,Y+1/2
-Y,-Z+1/2,-X+1/2
-Z+1/2,-X+1/2,Y
Y,-Z+1/2,X+1/2
Y+1/2,-Z,X+1/2
Y,-Z,X
Y+1/2,-Z+1/2,X
-Y,Z+1/2,X+1/2
Y,Z+1/2,-X+1/2
-Y,Z,X
-Y+1/2,Z,X+1/2
Y,Z,-X
Y+1/2,Z,-X+1/2
Y+1/2,Z+1/2,-X
-Y+1/2,Z+1/2,X
