X,Y,Z
-Y+1/2,X+1/2,Z+3/4
X+1/2,-Y+1/2,-Z+1/4
Y,X,-Z
-X+1/2,Y+1/2,-Z+3/4
Y+1/2,-X+1/2,Z+1/4
-Y,-X,-Z+1/2
-X,-Y,Z+1/2
