X,Y,Z
-Z,-X,-Y
-Y+1/2,X+1/2,Z+1/2
Y+1/2,X+1/2,-Z+1/2
Z+1/2,-Y+1/2,-X+1/2
-X,Y,-Z
X+1/2,-Z+1/2,Y+1/2
Y,Z,-X
-Y,Z,X
Z,X,-Y
-Y+1/2,-X+1/2,-Z+1/2
Y+1/2,-X+1/2,Z+1/2
-Z+1/2,-Y+1/2,X+1/2
-Y+1/2,-X+1/2,Z+1/2
Z,X,Y
-Z,X,-Y
-X+1/2,-Z+1/2,-Y+1/2
X,-Y,-Z
-Z+1/2,Y+1/2,-X+1/2
Z+1/2,Y+1/2,X+1/2
Y+1/2,X+1/2,Z+1/2
Z,-X,-Y
Y,-Z,-X
-X+1/2,Z+1/2,-Y+1/2
X+1/2,Z+1/2,Y+1/2
-Z,X,Y
-X,-Y,Z
-Y,Z,-X
-X+1/2,-Z+1/2,Y+1/2
X+1/2,-Z+1/2,-Y+1/2
-X+1/2,Z+1/2,Y+1/2
Y,-Z,X
-Y,-Z,-X
-Z+1/2,Y+1/2,X+1/2
X,-Y,Z
-X,-Y,-Z
Y+1/2,-X+1/2,-Z+1/2
X+1/2,Z+1/2,-Y+1/2
Z+1/2,-Y+1/2,X+1/2
X,Y,-Z
-X,Y,Z
Y,Z,X
-Y,-Z,X
-Z,-X,Y
Z,-X,Y
-Z+1/2,-Y+1/2,-X+1/2
-Y+1/2,X+1/2,-Z+1/2
Z+1/2,Y+1/2,-X+1/2
