X,Y,Z
-Y+1/2,X+1/2,Z+1/2
X,-Y,-Z+1/2
-X+1/2,-Y+1/2,-Z+1/2
Y,-X,-Z
-X+1/2,Y+1/2,Z
X+1/2,Y+1/2,-Z+1/2
Y,X,Z+1/2
-X,-Y,Z
-Y,-X,Z+1/2
Y+1/2,X+1/2,-Z
-Y,X,-Z
X+1/2,-Y+1/2,Z
Y+1/2,-X+1/2,Z+1/2
-X,Y,-Z+1/2
-Y+1/2,-X+1/2,-Z
