X,Y,Z
-Z,-X,-Y
-Y,-X,-Z
Z,Y,X
-X,-Z,-Y
-Y,-Z,-X
Y,X,Z
Z,X,Y
-Z,-Y,-X
-X,-Y,-Z
X,Z,Y
Y,Z,X
