X,Y,Z
Y+1/3,X+2/3,-Z+1/6
X+2/3,Y+1/3,Z+1/3
Y+2/3,X+1/3,-Z+5/6
X+1/3,Y+2/3,Z+2/3
Y,X,-Z+1/2
-X,-Y,-Z
-Y+1/3,-X+2/3,Z+1/6
-X+2/3,-Y+1/3,-Z+1/3
-Y+2/3,-X+1/3,Z+5/6
-X+1/3,-Y+2/3,-Z+2/3
-Y,-X,Z+1/2
