X,Y,Z
-Z,-X,-Y
-Y,X,Z
Y,X,-Z
Z,-Y,-X
-X,Y,-Z
X,-Z,Y
Y,Z,-X
-Y,Z,X
Z,X,-Y
-Y,-X,-Z
Y,-X,Z
-Z,-Y,X
-Y,-X,Z
Z,X,Y
-Z,X,-Y
-X,-Z,-Y
X,-Y,-Z
-Z,Y,-X
Z,Y,X
Y,X,Z
Z,-X,-Y
Y,-Z,-X
-X,Z,-Y
X,Z,Y
-Z,X,Y
-X,-Y,Z
-Y,Z,-X
-X,-Z,Y
X,-Z,-Y
-X,Z,Y
Y,-Z,X
-Y,-Z,-X
-Z,Y,X
X,-Y,Z
-X,-Y,-Z
Y,-X,-Z
X,Z,-Y
Z,-Y,X
X,Y,-Z
-X,Y,Z
Y,Z,X
-Y,-Z,X
-Z,-X,Y
Z,-X,Y
-Z,-Y,-X
-Y,X,-Z
Z,Y,-X
