X,Y,Z
-Y,X,Z
X,-Y,-Z
Z,X,Y
-X,Z,Y
Z,-X,-Y
Y,Z,X
-Z,-X,Y
-X,-Z,-Y
Y,-X,Z
X,Z,-Y
-Y,Z,-X
-Z,-Y,-X
-Y,-Z,X
-Z,Y,X
Y,-Z,-X
X,-Z,Y
-Z,X,-Y
Z,Y,-X
-X,Y,-Z
-Y,-X,-Z
Y,X,-Z
Z,-Y,X
-X,-Y,Z
