Decode a Hall Crystallographic spacegroup symbol given on the command line
and output symmtetry operators as general position point coordinates, e.g. '-X,-Y,Z+1/2'

USAGE:
  ./bin/decode_hall 'P -2c'
  ./bin/decode_hall --help

P 2
Inversions:
  1.00000E+00  0.00000E+00  0.00000E+00  0.00000E+00
  0.00000E+00  1.00000E+00  0.00000E+00  0.00000E+00
  0.00000E+00  0.00000E+00  1.00000E+00  0.00000E+00
  0.00000E+00  0.00000E+00  0.00000E+00  1.00000E+00

Centerings:
  1.00000E+00  0.00000E+00  0.00000E+00  0.00000E+00
  0.00000E+00  1.00000E+00  0.00000E+00  0.00000E+00
  0.00000E+00  0.00000E+00  1.00000E+00  0.00000E+00
  0.00000E+00  0.00000E+00  0.00000E+00  1.00000E+00

Rotations:
 1
  1.00000E+00  0.00000E+00  0.00000E+00  0.00000E+00
  0.00000E+00  1.00000E+00  0.00000E+00  0.00000E+00
  0.00000E+00  0.00000E+00  1.00000E+00  0.00000E+00
  0.00000E+00  0.00000E+00  0.00000E+00  1.00000E+00

 2
 -1.00000E+00  0.00000E+00  0.00000E+00  0.00000E+00
  0.00000E+00 -1.00000E+00  0.00000E+00  0.00000E+00
  0.00000E+00  0.00000E+00  1.00000E+00  0.00000E+00
  0.00000E+00  0.00000E+00  0.00000E+00  1.00000E+00

Change of basis:
  1.00000E+00  0.00000E+00  0.00000E+00  0.00000E+00
  0.00000E+00  1.00000E+00  0.00000E+00  0.00000E+00
  0.00000E+00  0.00000E+00  1.00000E+00  0.00000E+00
  0.00000E+00  0.00000E+00  0.00000E+00  1.00000E+00

Symmetry_Operators:
  1.00000E+00  0.00000E+00  0.00000E+00  0.00000E+00
  0.00000E+00  1.00000E+00  0.00000E+00  0.00000E+00
  0.00000E+00  0.00000E+00  1.00000E+00  0.00000E+00
  0.00000E+00  0.00000E+00  0.00000E+00  1.00000E+00

 -1.00000E+00  0.00000E+00  0.00000E+00  0.00000E+00
  0.00000E+00 -1.00000E+00  0.00000E+00  0.00000E+00
  0.00000E+00  0.00000E+00  1.00000E+00  0.00000E+00
  0.00000E+00  0.00000E+00  0.00000E+00  1.00000E+00

X,Y,Z
-X,-Y,Z

P -2
Inversions:
  1.00000E+00  0.00000E+00  0.00000E+00  0.00000E+00
  0.00000E+00  1.00000E+00  0.00000E+00  0.00000E+00
  0.00000E+00  0.00000E+00  1.00000E+00  0.00000E+00
  0.00000E+00  0.00000E+00  0.00000E+00  1.00000E+00

Centerings:
  1.00000E+00  0.00000E+00  0.00000E+00  0.00000E+00
  0.00000E+00  1.00000E+00  0.00000E+00  0.00000E+00
  0.00000E+00  0.00000E+00  1.00000E+00  0.00000E+00
  0.00000E+00  0.00000E+00  0.00000E+00  1.00000E+00

Rotations:
 1
  1.00000E+00  0.00000E+00  0.00000E+00  0.00000E+00
  0.00000E+00  1.00000E+00  0.00000E+00  0.00000E+00
  0.00000E+00  0.00000E+00  1.00000E+00  0.00000E+00
  0.00000E+00  0.00000E+00  0.00000E+00  1.00000E+00

 2
  1.00000E+00  0.00000E+00  0.00000E+00  0.00000E+00
  0.00000E+00  1.00000E+00  0.00000E+00  0.00000E+00
  0.00000E+00  0.00000E+00 -1.00000E+00  0.00000E+00
  0.00000E+00  0.00000E+00  0.00000E+00  1.00000E+00

Change of basis:
  1.00000E+00  0.00000E+00  0.00000E+00  0.00000E+00
  0.00000E+00  1.00000E+00  0.00000E+00  0.00000E+00
  0.00000E+00  0.00000E+00  1.00000E+00  0.00000E+00
  0.00000E+00  0.00000E+00  0.00000E+00  1.00000E+00

Symmetry_Operators:
  1.00000E+00  0.00000E+00  0.00000E+00  0.00000E+00
  0.00000E+00  1.00000E+00  0.00000E+00  0.00000E+00
  0.00000E+00  0.00000E+00  1.00000E+00  0.00000E+00
  0.00000E+00  0.00000E+00  0.00000E+00  1.00000E+00

  1.00000E+00  0.00000E+00  0.00000E+00  0.00000E+00
  0.00000E+00  1.00000E+00  0.00000E+00  0.00000E+00
  0.00000E+00  0.00000E+00 -1.00000E+00  0.00000E+00
  0.00000E+00  0.00000E+00  0.00000E+00  1.00000E+00

X,Y,Z
X,Y,-Z
