X,Y,Z
-X,Y,-Z
-X,-Y+2/3,Z+1/2
X,-Y+2/3,-Z+1/2
X+1/2,Y,Z
-X+1/2,Y,-Z
-X+1/2,-Y+2/3,Z+1/2
X+1/2,-Y+2/3,-Z+1/2
-X,-Y+2/3,-Z+1/2
X,-Y+2/3,Z+1/2
X,Y,-Z
-X,Y,Z
-X+1/2,-Y+2/3,-Z+1/2
X+1/2,-Y+2/3,Z+1/2
X+1/2,Y,-Z
-X+1/2,Y,Z
