X,Y,Z
X-Y,X,Z+1/2
-Y,X-Y,Z
-X,-Y,Z+1/2
-X+Y,-X,Z
Y,-X+Y,Z+1/2
-X,-Y,-Z
-X+Y,-X,-Z+1/2
Y,-X+Y,-Z
X,Y,-Z+1/2
X-Y,X,-Z
-Y,X-Y,-Z+1/2
