X,Y,Z
Z,X,Y
-Y,X,Z
Y,X,-Z
X+1/2,Y+1/2,Z+1/2
Z+1/2,X+1/2,Y+1/2
-Y+1/2,X+1/2,Z+1/2
Y+1/2,X+1/2,-Z+1/2
-Z+1/2,Y+1/2,X+1/2
-X+1/2,Y+1/2,-Z+1/2
-Z,Y,X
-X,Y,-Z
X+1/2,-Z+1/2,Y+1/2
-Y+1/2,-Z+1/2,X+1/2
Y+1/2,-Z+1/2,-X+1/2
X,-Z,Y
-Y,-Z,X
Y,-Z,-X
-Z+1/2,-X+1/2,Y+1/2
-Y+1/2,-X+1/2,-Z+1/2
Y+1/2,-X+1/2,Z+1/2
-Z,-X,Y
-Y,-X,-Z
Y,-X,Z
Z,Y,-X
Z+1/2,Y+1/2,-X+1/2
-Z+1/2,X+1/2,-Y+1/2
-Z,X,-Y
-X,-Z,-Y
-X+1/2,-Z+1/2,-Y+1/2
X,-Y,-Z
X+1/2,-Y+1/2,-Z+1/2
Z+1/2,-Y+1/2,X+1/2
-Z+1/2,-Y+1/2,-X+1/2
Z,-Y,X
-Z,-Y,-X
Z,-X,-Y
Z+1/2,-X+1/2,-Y+1/2
-X,-Y,Z
-X+1/2,-Y+1/2,Z+1/2
-Y,Z,-X
X,Z,-Y
-X,Z,Y
-Y+1/2,Z+1/2,-X+1/2
X+1/2,Z+1/2,-Y+1/2
-X+1/2,Z+1/2,Y+1/2
Y,Z,X
Y+1/2,Z+1/2,X+1/2
